32 32
RRRRRRRRRRRRRRRRRRRRRRRRRRRRRRRR
RRRRRRRRRRRRRRRRRRRRRRRRRRRRRRRR
RRRRR....S........RRRRRRRRRRRRRR
RRRR................RRRRRRRRRRRR
RR....................RRRRRRRRRR
R..P...........P.......RRRRRRRRR
R..RR..RRRRR.G.R...R.G.RRRRRRRRR
RR..RKKRRRRRRRRR...RRRRRRRRRRRRR
R..RRRRRRRRRRRRR...RRRRRRRRRRRRR
RR..RRRRRRRRRRRR...RRRRRRRRRRRRR
R..RRRRRRRRRRRRR...RRRRRRRRRRRRR
RR..RRRRRRRRRRRR...RRRRRRRRRRRRR
R..RRRRRRRRR.......RRRRRRRRRRRRR
RR..RRRRRRRR.......RRRRRRRRRRRRR
R..RRRRRRRRR.......RRRRRRRRRRRRR
R...RRRRRRRR.......RRRRRRRRRRRRR
RRRRRRRRRRRR...R...RRRRRRRRRRRRR
RRRRRRRRRRRR...RKKKRRRRRRRRRRRRR
RRRRRRRRRRRR...RRRRRRRRRRRRRRRRR
RRRRRRRRRRRR...RRRRRRRRRRRRRRRRR
RRRRRRRRRRRR...RRRRRRRRRRRRRRRRR
RRRRRRRRRRRR...RRRRRRRRRRRRRRRRR
RRRRRRRRRRRR...RRRRRRRRRRRRRRRRR
RRRRRRRRRRRR...RRRRRRRRRRRRRRRRR
RRRRRRRRRRRR...ERRRRRRRRRRRRRRRR
RRRRRRRRRRRR...RRRRRRRRRRRRRRRRR
RRRRRRRRRRRRKKKRRRRRRRRRRRRRRRRR
RRRRRRRRRRRRRRRRRRRRRRRRRRRRRRRR
RRRRRRRRRRRRRRRRRRRRRRRRRRRRRRRR
RRRRRRRRRRRRRRRRRRRRRRRRRRRRRRRR
RRRRRRRRRRRRRRRRRRRRRRRRRRRRRRRR
RRRRRRRRRRRRRRRRRRRRRRRRRRRRRRRR
